// Vitest Snapshot v1

exports[`测试demo > mount component 1`] = `"<span><b>Leanne Graham</b><span>1-770-736-8031 x56442</span></span>"`;
